UNKNOWN_BOOTSTRAP=FORGE_UNSUPPORTED: mystery (host: code.example)
UNKNOWN_FLEET_SYNC=
UNKNOWN_CLONE_UNCHANGED=yes
GITLAB_BOOTSTRAP=
GITLAB_GH_TOOLING_PRESENT=no
GITLAB_AUTH_CALL=auth status --hostname gitlab.example
GERRIT_MISSING_TOOL=MISSING: gerrit-axi (install: npm install -g gerrit-axi)
GERRIT_GH_CALLS_WHEN_MISSING=
GERRIT_BOOTSTRAP_WITH_TOOL=
GERRIT_FLEET_SYNC=gerrit-project: synced 1270fdc..9134c99
GERRIT_FAST_FORWARD=yes
GERRIT_GH_CALLS_WITH_TOOL=
DEFERRED_NETWORK=FORGE_UNSUPPORTED: unknown (host: code.example)
NEEDS_GLAB_AUTH: gitlab.example
DEFERRED_GH_CALLS=
MALFORMED_BINDING=FORGE_UNSUPPORTED: bad (host: github.com)
MALFORMED_GH_CALLS=
MULTI_DOT_HOST=FORGE_UNSUPPORTED: dot (host: github.com...)
MULTI_DOT_GH_CALLS=
NESTED_DIRECTORY=
NESTED_GH_CALLS=
GITLAB_ONLY_BOOTSTRAP=
GITLAB_ONLY_GH_CALLS=
GITLAB_ONLY_GLAB_CALLS=auth status --hostname gitlab.example
